Microchip MPLAB XC8 Compiler V1.32 ()

Linker command line:

--edf=D:\MCUDev13\PIC\xc8\v1.32\dat\en_msgs.txt -cs -h+Out1\Test_1.sym \
  --cmf=Out1\Test_1.cmf -z -Q18F14K50 \
  -oC:\DOCUME~1\USER\LOCALS~1\Temp\s3fk.6 -MOut1\Test_1.map -ver=XC8 \
  -ASTACK=073h-025fh -pstack=STACK -ACODE=03000h-03FFFh \
  -ACONST=03000h-03FFFh -ASMALLCONST=03000h-030FFhx16 \
  -AMEDIUMCONST=03000h-03FFFh -ACOMRAM=01h-05Fh -AABS1=00h-02FFh \
  -ABIGRAM=01h-02FFh -ARAM=060h-0FFh,0100h-01FFhx2 -ABANK0=060h-0FFh \
  -ABANK1=0100h-01FFh -ABANK2=0200h-02FFh -ASFR=0F53h-0F5Fh,0F60h-0FFFh \
  -preset_vec=03000h,intcode=03008h,intcodelo=03018h,powerup,init,end_init \
  -pramtop=0300h -psmallconst=SMALLCONST -pmediumconst=MEDIUMCONST \
  -pconst=CONST -AFARRAM=00h-00h -ACONFIG=0300000h-030000Dh -pconfig=CONFIG \
  -AIDLOC=0200000h-0200007h -pidloc=IDLOC -AEEDATA=0F00000h-0F000FFh \
  -peeprom_data=EEDATA \
  -prdata=COMRAM,nvrram=COMRAM,nvbit=COMRAM,rbss=COMRAM,rbit=COMRAM \
  -pfarbss=FARRAM,fardata=FARRAM,nvFARRAM=FARRAM \
  -pintsave_regs=BIGRAM,bigbss=BIGRAM,bigdata=BIGRAM -pbss=RAM \
  -pidata=CODE,irdata=CODE,ibigdata=CODE,ifardata=CODE Work1\startup.obj \
  Out1\Test_1.obj 

Object code version is 3.11

Machine type is 18F14K50

Call graph: (short form)




                Name                               Link     Load   Length Selector   Space Scale
Work1\startup.obj
                end_init                           30A2     30A2        4     180C       0
                reset_vec                          3000     3000        4     1800       0
Out1\Test_1.obj intcodelo                          3018     3018       8A     180C       0
                intcode                            3008     3008       10     1804       0
                intcode_body                       3468     3468       66     180C       0
                text5                              3510     3510       3A     180C       0
                text4                              32DA     32DA       D2     180C       0
                text3                              33AC     33AC       BC     180C       0
                text2                              31E0     31E0       FA     180C       0
                text1                              34CE     34CE       42     180C       0
                text0                              30A6     30A6      13A     180C       0
                cstackCOMRAM                          1        1       25        1       1
                cstackBANK0                          60       60       13       60       1
                bssCOMRAM                            26       26       1B        1       1
                cinit                              354A     354A       12     180C       0

TOTAL           Name                               Link     Load   Length     Space
        CLASS   STACK          

        CLASS   CODE           
                end_init                           30A2     30A2        4         0
                intcodelo                          3018     3018       8A         0
                intcode                            3008     3008       10         0
                reset_vec                          3000     3000        4         0
                intcode_body                       3468     3468       66         0
                text5                              3510     3510       3A         0
                text4                              32DA     32DA       D2         0
                text3                              33AC     33AC       BC         0
                text2                              31E0     31E0       FA         0
                text1                              34CE     34CE       42         0
                text0                              30A6     30A6      13A         0
                cinit                              354A     354A       12         0

        CLASS   CONST          

        CLASS   SMALLCONST     

        CLASS   MEDIUMCONST    

        CLASS   COMRAM         
                cstackCOMRAM                          1        1       25         1
                bssCOMRAM                            26       26       1B         1

        CLASS   ABS1           
                abs_s1                              260      260       80         1

        CLASS   BIGRAM         

        CLASS   RAM            

        CLASS   BANK0          
                cstackBANK0                          60       60       13         1

        CLASS   BANK1          

        CLASS   BANK2          

        CLASS   SFR            

        CLASS   FARRAM         

        CLASS   CONFIG         

        CLASS   IDLOC          

        CLASS   EEDATA         



SEGMENTS        Name                           Load    Length   Top    Selector   Space  Class

                cstackCOMRAM                   000001  000040  000041         1       1  COMRAM  
                cstackBANK0                    000060  000013  000073        60       1  BANK0   
                reset_vec                      003000  000004  003004      1800       0  CODE    
                intcode                        003008  000010  003018      1804       0  CODE    
                intcodelo                      003018  000544  00355C      180C       0  CODE    


UNUSED ADDRESS RANGES

        Name                Unused          Largest block    Delta
        BANK0            0073-00FF             8D
        BANK1            0100-01FF            100
        BANK2            0200-025F             60
                         02E0-02FF             20
        BIGRAM           0041-005F             1F
                         0073-025F            1ED
                         02E0-02FF             20
        CODE             3004-3007              4
                         355C-3FFF            AA4
        COMRAM           0041-005F             1F
        CONFIG           300000-30000D              E
        CONST            3004-3007              4
                         355C-3FFF            AA4
        EEDATA           F00000-F000FF            100
        FARRAM           0000-0000              1
        IDLOC            200000-200007              8
        MEDIUMCONST      3004-3007              4
                         355C-3FFF            AA4
        RAM              0073-025F            100
                         02E0-02FF             20
        SFR              0F53-0FFF              D
        SMALLCONST       3004-3007              4
                         355C-3FFF            100
        STACK            0073-025F            1ED

                                  Symbol Table

Osc_Step@phase           cstackCOMRAM 0020
Osc_Step@step            cstackCOMRAM 0022
Osc_Step@wave            cstackBANK0  0067
RGB_Osc_Init@this        cstackCOMRAM 0020
RGB_Osc_Step@br          cstackBANK0  006E
RGB_Osc_Step@gr          cstackBANK0  006C
RGB_Osc_Step@offset      cstackCOMRAM 0024
RGB_Osc_Step@rr          cstackBANK0  006A
RGB_Osc_Step@this        cstackBANK0  0068
Wait@a                   cstackCOMRAM 0022
Wait@time                cstackCOMRAM 0020
_HIDD_In                 (abs)        02A0
_HIDD_Out                (abs)        0260
_Ill                     bssCOMRAM    002F
_On_HIDD_Event           intcodelo    3018
_On_HIDD_Int             intcode      3008
_Osc_Step                text4        32DA
_Osc_Step$158            cstackBANK0  0063
_Osc_Step$159            cstackBANK0  0065
_PORTAbits               (abs)        0F80
_RCSTA                   (abs)        0FAB
_RGB_Osc_Init            text5        3510
_RGB_Osc_Step            text3        33AC
_SPBRG                   (abs)        0FAF
_SPBRGH                  (abs)        0FB0
_TRISBbits               (abs)        0F93
_TRISC                   (abs)        0F94
_TXREG                   (abs)        0FAD
_TXSTA                   (abs)        0FAC
_WS_Buffer               bssCOMRAM    0026
_WS_Out                  text2        31E0
_Wait                    text1        34CE
__HRAM                   (abs)        0000
__Habs1                  abs1         0000
__Hbank0                 bank0        0000
__Hbank1                 bank1        0000
__Hbank2                 bank2        0000
__Hbigbss                bigbss       0000
__Hbigdata               bigdata      0000
__Hbigram                bigram       0000
__Hbss                   bss          0000
__HbssCOMRAM             bssCOMRAM    0000
__Hcinit                 cinit        0000
__Hclrtext               clrtext      0000
__Hcomram                comram       0000
__Hconfig                config       0000
__Hconst                 const        0000
__HcstackBANK0           cstackBANK0  0000
__HcstackCOMRAM          cstackCOMRAM 0000
__Hdata                  data         0000
__Heeprom_data           eeprom_data  0000
__Hend_init              end_init     30A6
__Hfarbss                farbss       0000
__Hfardata               fardata      0000
__Hibigdata              ibigdata     0000
__Hidata                 idata        0000
__Hidloc                 idloc        0000
__Hifardata              ifardata     0000
__Hinit                  init         30A2
__Hintcode               intcode      3018
__Hintcode_body          intcode_body 0000
__Hintcodelo             intcodelo    30A2
__Hintentry              intentry     0000
__Hintret                intret       0000
__Hintsave_regs          intsave_regs 0000
__Hirdata                irdata       0000
__Hmediumconst           mediumconst  0000
__HnvFARRAM              nvFARRAM     0000
__Hnvbit                 nvbit        0000
__Hnvrram                nvrram       0000
__Hparam                 rparam       0000
__Hpowerup               powerup      30A2
__Hram                   ram          0000
__Hramtop                ramtop       0300
__Hrbit                  rbit         0000
__Hrbss                  rbss         0000
__Hrdata                 rdata        0000
__Hreset_vec             reset_vec    3004
__Hrparam                rparam       0000
__Hsfr                   sfr          0000
__Hsmallconst            smallconst   0000
__Hspace_0               (abs)        355C
__Hspace_1               (abs)        0073
__Hspace_2               (abs)        0000
__Hstack                 stack        0000
__Hstruct                struct       0000
__Htemp                  temp         0000
__Htext                  text         0000
__Htext0                 text0        0000
__Htext1                 text1        0000
__Htext2                 text2        0000
__Htext3                 text3        0000
__Htext4                 text4        0000
__Htext5                 text5        0000
__LRAM                   (abs)        0001
__Labs1                  abs1         0000
__Lbank0                 bank0        0000
__Lbank1                 bank1        0000
__Lbank2                 bank2        0000
__Lbigbss                bigbss       0000
__Lbigdata               bigdata      0000
__Lbigram                bigram       0000
__Lbss                   bss          0000
__LbssCOMRAM             bssCOMRAM    0000
__Lcinit                 cinit        0000
__Lclrtext               clrtext      0000
__Lcomram                comram       0000
__Lconfig                config       0000
__Lconst                 const        0000
__LcstackBANK0           cstackBANK0  0000
__LcstackCOMRAM          cstackCOMRAM 0000
__Ldata                  data         0000
__Leeprom_data           eeprom_data  0000
__Lend_init              end_init     30A2
__Lfarbss                farbss       0000
__Lfardata               fardata      0000
__Libigdata              ibigdata     0000
__Lidata                 idata        0000
__Lidloc                 idloc        0000
__Lifardata              ifardata     0000
__Linit                  init         30A2
__Lintcode               intcode      3008
__Lintcode_body          intcode_body 0000
__Lintcodelo             intcodelo    3018
__Lintentry              intentry     0000
__Lintret                intret       0000
__Lintsave_regs          intsave_regs 0000
__Lirdata                irdata       0000
__Lmediumconst           mediumconst  0000
__LnvFARRAM              nvFARRAM     0000
__Lnvbit                 nvbit        0000
__Lnvrram                nvrram       0000
__Lparam                 rparam       0000
__Lpowerup               powerup      30A2
__Lram                   ram          0000
__Lramtop                ramtop       0300
__Lrbit                  rbit         0000
__Lrbss                  rbss         0000
__Lrdata                 rdata        0000
__Lreset_vec             reset_vec    3000
__Lrparam                rparam       0000
__Lsfr                   sfr          0000
__Lsmallconst            smallconst   0000
__Lspace_0               (abs)        0000
__Lspace_1               (abs)        0000
__Lspace_2               (abs)        0000
__Lstack                 stack        0000
__Lstruct                struct       0000
__Ltemp                  temp         0000
__Ltext                  text         0000
__Ltext0                 text0        0000
__Ltext1                 text1        0000
__Ltext2                 text2        0000
__Ltext3                 text3        0000
__Ltext4                 text4        0000
__Ltext5                 text5        0000
__S0                     (abs)        355C
__S1                     (abs)        0073
__S2                     (abs)        0000
___inthi_sp              stack        0000
___intlo_sp              stack        0000
___sp                    stack        0000
__accesstop              (abs)        0060
__activetblptr           (abs)        0000
__end_of_On_HIDD_Event   intcodelo    30A2
__end_of_On_HIDD_Int     intcode_body 34CE
__end_of_Osc_Step        text4        33AC
__end_of_RGB_Osc_Init    text5        354A
__end_of_RGB_Osc_Step    text3        3468
__end_of_WS_Out          text2        32DA
__end_of_Wait            text1        3510
__end_of__initialization cinit        3556
__end_of_main            text0        31E0
__initialization         cinit        354A
__mediumconst            mediumconst  0000
__pbssCOMRAM             bssCOMRAM    0026
__pcinit                 cinit        354A
__pcstackBANK0           cstackBANK0  0060
__pcstackCOMRAM          cstackCOMRAM 0001
__pintcode               intcode      3008
__pintcode_body          intcode_body 3468
__pintcodelo             intcodelo    3018
__ptext0                 text0        30A6
__ptext1                 text1        34CE
__ptext2                 text2        31E0
__ptext3                 text3        33AC
__ptext4                 text4        32DA
__ptext5                 text5        3510
__ramtop                 ramtop       0300
__size_of_On_HIDD_Event  (abs)        0000
__size_of_On_HIDD_Int    (abs)        0000
__size_of_Osc_Step       (abs)        0000
__size_of_RGB_Osc_Init   (abs)        0000
__size_of_RGB_Osc_Step   (abs)        0000
__size_of_WS_Out         (abs)        0000
__size_of_Wait           (abs)        0000
__size_of_main           (abs)        0000
__smallconst             smallconst   0000
_main                    text0        30A6
end_of_initialization    cinit        3556
int_func                 intcode_body 3468
intlevel0                text         0000
intlevel1                text         0000
intlevel2                text         0000
intlevel3                text         0000
main@ctr                 cstackCOMRAM 0025
stackhi                  (abs)        025F
stacklo                  (abs)        0073
start                    init         30A2
start_initialization     cinit        354A


FUNCTION INFORMATION:

 *************** function _main *****************
 Defined at:
		line 61 in file "Main.c"
 Parameters:    Size  Location     Type
		None
 Auto vars:     Size  Location     Type
  ctr             1   36[COMRAM] unsigned char 
 Return value:  Size  Location     Type
		None               void
 Registers used:
		wreg, fsr2l, fsr2h, status,2, status,0, cstack
 Tracked objects:
		On entry : 
		On exit  : 
		Unchanged: 
 Data sizes:     COMRAM   BANK0   BANK1  BANK2h  BANK2l
      Params:         0       0       0       0       0
      Locals:         1       0       0       0       0
      Temps:          0       0       0       0       0
      Totals:         1       0       0       0       0
Total ram usage:        1 bytes
 Hardware stack levels required when called:    4
 This function calls:
		_RGB_Osc_Init
		_RGB_Osc_Step
		_WS_Out
		_Wait
 This function is called by:
		Startup code after reset
 This function uses a non-reentrant model


 *************** function _Wait *****************
 Defined at:
		line 6 in file "..\..\Libs\Prime.c"
 Parameters:    Size  Location     Type
  time            2   31[COMRAM] unsigned int 
 Auto vars:     Size  Location     Type
  a               2   33[COMRAM] unsigned int 
 Return value:  Size  Location     Type
		None               void
 Registers used:
		wreg, status,2, status,0
 Tracked objects:
		On entry : 
		On exit  : 
		Unchanged: 
 Data sizes:     COMRAM   BANK0   BANK1  BANK2h  BANK2l
      Params:         2       0       0       0       0
      Locals:         2       0       0       0       0
      Temps:          0       0       0       0       0
      Totals:         4       0       0       0       0
Total ram usage:        4 bytes
 Hardware stack levels used:    1
 Hardware stack levels required when called:    2
 This function calls:
		Nothing
 This function is called by:
		_main
 This function uses a non-reentrant model


 *************** function _WS_Out *****************
 Defined at:
		line 55 in file "..\Files\WS2811.c"
 Parameters:    Size  Location     Type
		None
 Auto vars:     Size  Location     Type
		None
 Return value:  Size  Location     Type
		None               void
 Registers used:
		None
 Tracked objects:
		On entry : 
		On exit  : 
		Unchanged: 
 Data sizes:     COMRAM   BANK0   BANK1  BANK2h  BANK2l
      Params:         0       0       0       0       0
      Locals:         0       0       0       0       0
      Temps:          0       0       0       0       0
      Totals:         0       0       0       0       0
Total ram usage:        0 bytes
 Hardware stack levels used:    1
 Hardware stack levels required when called:    2
 This function calls:
		Nothing
 This function is called by:
		_main
 This function uses a non-reentrant model


 *************** function _RGB_Osc_Step *****************
 Defined at:
		line 51 in file "Main.c"
 Parameters:    Size  Location     Type
  offset          1    wreg     unsigned char 
  this            2    8[BANK0 ] PTR struct .
		 -> Ill(18), 
  rr              2   10[BANK0 ] unsigned int 
  gr              2   12[BANK0 ] unsigned int 
  br              2   14[BANK0 ] unsigned int 
 Auto vars:     Size  Location     Type
  offset          1   35[COMRAM] unsigned char 
 Return value:  Size  Location     Type
		None               void
 Registers used:
		wreg, fsr2l, fsr2h, status,2, status,0, cstack
 Tracked objects:
		On entry : 
		On exit  : 
		Unchanged: 
 Data sizes:     COMRAM   BANK0   BANK1  BANK2h  BANK2l
      Params:         0       8       0       0       0
      Locals:         1       0       0       0       0
      Temps:          0       3       0       0       0
      Totals:         1      11       0       0       0
Total ram usage:       12 bytes
 Hardware stack levels used:    1
 Hardware stack levels required when called:    3
 This function calls:
		_Osc_Step
 This function is called by:
		_main
 This function uses a non-reentrant model


 *************** function _Osc_Step *****************
 Defined at:
		line 32 in file "Main.c"
 Parameters:    Size  Location     Type
  phase           2   31[COMRAM] PTR unsigned int 
		 -> Ill(18), 
  step            2   33[COMRAM] unsigned int 
 Auto vars:     Size  Location     Type
  wave            1    7[BANK0 ] unsigned char 
 Return value:  Size  Location     Type
                  1    wreg      unsigned char 
 Registers used:
		wreg, fsr2l, fsr2h, status,2, status,0
 Tracked objects:
		On entry : 
		On exit  : 
		Unchanged: 
 Data sizes:     COMRAM   BANK0   BANK1  BANK2h  BANK2l
      Params:         4       0       0       0       0
      Locals:         0       5       0       0       0
      Temps:          0       3       0       0       0
      Totals:         4       8       0       0       0
Total ram usage:       12 bytes
 Hardware stack levels used:    1
 Hardware stack levels required when called:    2
 This function calls:
		Nothing
 This function is called by:
		_RGB_Osc_Step
 This function uses a non-reentrant model


 *************** function _RGB_Osc_Init *****************
 Defined at:
		line 43 in file "Main.c"
 Parameters:    Size  Location     Type
  this            2   31[COMRAM] PTR struct .
		 -> Ill(18), 
 Auto vars:     Size  Location     Type
		None
 Return value:  Size  Location     Type
		None               void
 Registers used:
		wreg, fsr2l, fsr2h, status,2, status,0
 Tracked objects:
		On entry : 
		On exit  : 
		Unchanged: 
 Data sizes:     COMRAM   BANK0   BANK1  BANK2h  BANK2l
      Params:         2       0       0       0       0
      Locals:         0       0       0       0       0
      Temps:          0       0       0       0       0
      Totals:         2       0       0       0       0
Total ram usage:        2 bytes
 Hardware stack levels used:    1
 Hardware stack levels required when called:    2
 This function calls:
		Nothing
 This function is called by:
		_main
 This function uses a non-reentrant model


 *************** function _On_HIDD_Event *****************
 Defined at:
		line 18 in file "Main.c"
 Parameters:    Size  Location     Type
		None
 Auto vars:     Size  Location     Type
		None
 Return value:  Size  Location     Type
		None               void
 Registers used:
		None
 Tracked objects:
		On entry : 
		On exit  : 
		Unchanged: 
 Data sizes:     COMRAM   BANK0   BANK1  BANK2h  BANK2l
      Params:         0       0       0       0       0
      Locals:         0       0       0       0       0
      Temps:         17       0       0       0       0
      Totals:        17       0       0       0       0
Total ram usage:       17 bytes
 Hardware stack levels used:    1
 Hardware stack levels required when called:    1
 This function calls:
		Nothing
 This function is called by:
		Interrupt level 1
 This function uses a non-reentrant model


 *************** function _On_HIDD_Int *****************
 Defined at:
		line 12 in file "Main.c"
 Parameters:    Size  Location     Type
		None
 Auto vars:     Size  Location     Type
		None
 Return value:  Size  Location     Type
		None               void
 Registers used:
		None
 Tracked objects:
		On entry : 
		On exit  : 
		Unchanged: 
 Data sizes:     COMRAM   BANK0   BANK1  BANK2h  BANK2l
      Params:         0       0       0       0       0
      Locals:         0       0       0       0       0
      Temps:         14       0       0       0       0
      Totals:        14       0       0       0       0
Total ram usage:       14 bytes
 Hardware stack levels used:    1
 This function calls:
		Nothing
 This function is called by:
		Interrupt level 2
 This function uses a non-reentrant model



MODULE INFORMATION

Module		Function		Class		Link	Load	Size
..\Files\WS2811.c
		_WS_Out        		CODE           	31E0	0000	250

..\Files\WS2811.c estimated size: 250

Main.c
		_main          		CODE           	30A6	0000	314
		_On_HIDD_Int   		CODE           	3008	0000	1222
		_On_HIDD_Event 		CODE           	3018	0000	138
		_Osc_Step      		CODE           	32DA	0000	210
		_RGB_Osc_Step  		CODE           	33AC	0000	188
		_RGB_Osc_Init  		CODE           	3510	0000	58

Main.c estimated size: 2130

shared
		__initializatio		CODE           	354A	0000	12

shared estimated size: 12

..\..\Libs\Prime.c
		_Wait          		CODE           	34CE	0000	66

..\..\Libs\Prime.c estimated size: 66

